Abyssal Energy	KEY:Demonic Traits ~ Abyssal Energy	CATEGORY:Special Ability	TYPE:SpecialQuality.Supernatural.DemonicTraitAbyssalEnergy	DEFINE:AbyssalEnergy_BreathWeaponDice|0		DESC:The demonic vermin gains immunity to acid, and also gains a breath weapon that inflicts acid damage. This breath weapon is a 60-foot-line, and deals 2d6 points of damage (Reflex save halves). It can be used once every 1d4 rounds.|AbyssalEnergy_BreathWeaponDice	BONUS:VAR|AbyssalEnergy_BreathWeaponDice|CR
Abyssal Energy (Acid)	KEY:Demonic Traits ~ Abyssal Energy ~ Acid	CATEGORY:Special Ability	TYPE:SpecialQuality.Supernatural.DemonicTraitAbyssalEnergy	DEFINE:AbyssalEnergy_BreathWeaponDice|0		DESC:The demonic vermin gains immunity to acid, and also gains a breath weapon that inflicts acid damage. This breath weapon is a 60-foot-line, and deals 2d6 points of damage (Reflex save halves). It can be used once every 1d4 rounds.|AbyssalEnergy_BreathWeaponDice	BONUS:VAR|AbyssalEnergy_BreathWeaponDice|CR	ABILITY:Special Ability|AUTOMATIC|Immunity to Acid
Abyssal Energy (Cold)	KEY:Demonic Traits ~ Abyssal Energy ~ Cold	CATEGORY:Special Ability	TYPE:SpecialQuality.Supernatural.DemonicTraitAbyssalEnergy	DEFINE:AbyssalEnergy_BreathWeaponDice|0		DESC:The demonic vermin gains immunity to Cold, and also gains a breath weapon that inflicts Cold damage. This breath weapon is a 60-foot-line, and deals 2d6 points of damage (Reflex save halves). It can be used once every 1d4 rounds.|AbyssalEnergy_BreathWeaponDice	BONUS:VAR|AbyssalEnergy_BreathWeaponDice|CR	ABILITY:Special Ability|AUTOMATIC|Immunity to Cold
Abyssal Energy (Fire)	KEY:Demonic Traits ~ Abyssal Energy ~ Fire	CATEGORY:Special Ability	TYPE:SpecialQuality.Supernatural.DemonicTraitAbyssalEnergy	DEFINE:AbyssalEnergy_BreathWeaponDice|0		DESC:The demonic vermin gains immunity to Fire, and also gains a breath weapon that inflicts Fire damage. This breath weapon is a 60-foot-line, and deals 2d6 points of damage (Reflex save halves). It can be used once every 1d4 rounds.|AbyssalEnergy_BreathWeaponDice	BONUS:VAR|AbyssalEnergy_BreathWeaponDice|CR	ABILITY:Special Ability|AUTOMATIC|Immunity to Fire

Additional Senses	KEY:Demonic Traits ~ Additional Senses	CATEGORY:Special Ability	TYPE:SpecialQuality.Extraordinary	DESC:The vermin has a large number of extra eyes and other sensory organs. It gains all-around vision, scent, and a +8 racial bonus on Perception checks.

Death Throes	KEY:Demonic Traits ~ Death Throes	CATEGORY:Special Ability	TYPE:SpecialQuality.Supernatural	DEFINE:DeathThroesDice|0	DESC:When the vermin is slain, it can make a single melee attack (using any one of its natural attacks) as an immediate action. It then explodes into acid, fire, electricity, or cold (your choice), dealing %1d6 points of damage ( Reflex save halves).|DeathThroesDice	BONUS:VAR|DeathThroesDice|CR

Diseased	KEY:Demonic Traits ~ Diseased	CATEGORY:Special Ability	TYPE:SpecialQuality.Supernatural	DESC:The demonic vermin is immune to disease, and its natural attacks inflict demonplague on a hit (Fortitude save negates).

Drone	KEY:Demonic Traits ~ Drone	CATEGORY:Special Ability	TYPE:SpecialQuality.Supernatural	DESC:By rubbing its wings or limbs together as a standard action, the demonic vermin produces a loud, discordant drone that causes those within 30 feet of it to become sickened (if the vermin is CR 8 or less) or confused (if the vermin is CR 9 or higher) for 1d6 rounds (Will save negates). This is a sonic mind-affecting effect.

Skitter	KEY:Demonic Traits ~ Skitter	CATEGORY:Special Ability	TYPE:SpecialQuality.Extraordinary	DESC:The creature has uncanny speed and erratic movements. The vermin's speeds all increase by 10 feet, it gains Mobility and Spring Attack as bonus feats, and it gains a +4 racial bonus on Initiative checks.

Negative Energy Absorption	KEY:Abyssal Energy ~ Negative Energy Absorption	CATEGORY:Special Ability	TYPE:SpecialQuality.Supernatural	DESC:Heals 1 hit point for every 3 points of damage that negative energy attacks would otherwise deal; a terror creature gets no saving throw against negative energy effects.
